
D:\xampp7\htdocs\larafyom1>php artisan migrate
Migrating: 2014_10_12_000000_create_users_table

   Illuminate\Database\QueryException  : SQLSTATE[42S01]: Base table or view already exists: 1050 Table 'users' already exists (SQL: create table `users` (`id` int unsigned not null auto_increment primary key, `name` varchar(191) not null, `email` varchar(191) not null, `password` varchar(191) not null, `remember_token` varchar(100) null, `created_at` timestamp null, `updated_at` timestamp null, `deleted_at` timestamp null) default character set utf8mb4 collate 'utf8mb4_unicode_ci')

  at D:\xampp7\htdocs\larafyom1\vendor\laravel\framework\src\Illuminate\Database\Connection.php:664
    660|         // If an exception occurs when attempting to run a query, we'll format the error
    661|         // message to include the bindings with SQL, which will make this exception a
    662|         // lot more helpful to the developer instead of just the database's errors.
    663|         catch (Exception $e) {
  > 664|             throw new QueryException(
    665|                 $query, $this->prepareBindings($bindings), $e
    666|             );
    667|         }
    668|

  Exception trace:

  1   Doctrine\DBAL\Driver\PDOException::("SQLSTATE[42S01]: Base table or view already exists: 1050 Table 'users' already exists")
      D:\xampp7\htdocs\larafyom1\vendor\doctrine\dbal\lib\Doctrine\DBAL\Driver\PDOStatement.php:119

  2   PDOException::("SQLSTATE[42S01]: Base table or view already exists: 1050 Table 'users' already exists")
      D:\xampp7\htdocs\larafyom1\vendor\doctrine\dbal\lib\Doctrine\DBAL\Driver\PDOStatement.php:117

  Please use the argument -v to see more details.

D:\xampp7\htdocs\larafyom1>php artisan migrate
Migration table created successfully.
Migrating: 2013_01_17_192514_create_roles_table
Migrated:  2013_01_17_192514_create_roles_table
Migrating: 2014_10_12_000000_create_users_table
Migrated:  2014_10_12_000000_create_users_table
Migrating: 2014_10_12_100000_create_password_resets_table
Migrated:  2014_10_12_100000_create_password_resets_table
Migrating: 2019_01_18_131947_update_users_table
Migrated:  2019_01_18_131947_update_users_table
Migrating: 2019_01_18_135055_create_posts_table
Migrated:  2019_01_18_135055_create_posts_table
Migrating: 2019_01_18_135121_create_comments_table
Migrated:  2019_01_18_135121_create_comments_table
Migrating: 2019_01_18_135147_update_comments_table
Migrated:  2019_01_18_135147_update_comments_table
Migrating: 2019_01_18_135305_create_post_authors
Migrated:  2019_01_18_135305_create_post_authors
Migrating: 2019_01_18_135359_update_post_authors
Migrated:  2019_01_18_135359_update_post_authors

D:\xampp7\htdocs\larafyom1>php artisan infyom:scaffold Role --fromTable --tableName=roles

Model created:
Role.php

Repository created:
RoleRepository.php

Create Request created:
CreateRoleRequest.php

Update Request created:
UpdateRoleRequest.php

Controller created:
RoleController.php

Generating Views...
table.blade.php created
index.blade.php created
field.blade.php created
create.blade.php created
edit.blade.php created
show_fields.blade.php created
show.blade.php created
Views created:

roles routes added.

roles menu added.
Generating autoload files

D:\xampp7\htdocs\larafyom1>php artisan infyom:scaffold Post --fromTable --tableName=posts

Model created:
Post.php

Repository created:
PostRepository.php

Create Request created:
CreatePostRequest.php

Update Request created:
UpdatePostRequest.php

Controller created:
PostController.php

Generating Views...
table.blade.php created
index.blade.php created
field.blade.php created
create.blade.php created
edit.blade.php created
show_fields.blade.php created
show.blade.php created
Views created:

posts routes added.

posts menu added.
Generating autoload files

D:\xampp7\htdocs\larafyom1>
D:\xampp7\htdocs\larafyom1>php artisan infyom:scaffold User --fromTable --tableName=users

Model created:
User.php

Repository created:
UserRepository.php

Create Request created:
CreateUserRequest.php

Update Request created:
UpdateUserRequest.php

Controller created:
UserController.php

Generating Views...
table.blade.php created
index.blade.php created
field.blade.php created
create.blade.php created
edit.blade.php created
show_fields.blade.php created
show.blade.php created
Views created:

users routes added.

users menu added.
Generating autoload files

D:\xampp7\htdocs\larafyom1>
D:\xampp7\htdocs\larafyom1>
D:\xampp7\htdocs\larafyom1>php artisan infyom:scaffold Comment --fromTable --tableName=comments

Model created:
Comment.php

Repository created:
CommentRepository.php

Create Request created:
CreateCommentRequest.php

Update Request created:
UpdateCommentRequest.php

Controller created:
CommentController.php

Generating Views...
table.blade.php created
index.blade.php created
field.blade.php created
create.blade.php created
edit.blade.php created
show_fields.blade.php created
show.blade.php created
Views created:

comments routes added.

comments menu added.
Generating autoload files

D:\xampp7\htdocs\larafyom1>
D:\xampp7\htdocs\larafyom1>
D:\xampp7\htdocs\larafyom1>php artisan infyom:scaffold PostAuthor --fromTable --tableName=post_authors

Model created:
PostAuthor.php

Repository created:
PostAuthorRepository.php

Create Request created:
CreatePostAuthorRequest.php

Update Request created:
UpdatePostAuthorRequest.php

Controller created:
PostAuthorController.php

Generating Views...
table.blade.php created
index.blade.php created
field.blade.php created
create.blade.php created
edit.blade.php created
show_fields.blade.php created
show.blade.php created
Views created:

postAuthors routes added.

postAuthors menu added.
Generating autoload files

D:\xampp7\htdocs\larafyom1>git add .
warning: LF will be replaced by CRLF in app/Providers/AppServiceProvider.php.
The file will have its original line endings in your working directory.
warning: LF will be replaced by CRLF in database/migrations/2013_01_17_192514_create_roles_table.php.
The file will have its original line endings in your working directory.
warning: LF will be replaced by CRLF in database/migrations/2014_10_12_000000_create_users_table.php.
The file will have its original line endings in your working directory.
warning: LF will be replaced by CRLF in database/migrations/2014_10_12_100000_create_password_resets_table.php.
The file will have its original line endings in your working directory.
warning: LF will be replaced by CRLF in database/migrations/2019_01_18_131947_update_users_table.php.
The file will have its original line endings in your working directory.
warning: LF will be replaced by CRLF in database/migrations/2019_01_18_135055_create_posts_table.php.
The file will have its original line endings in your working directory.
warning: LF will be replaced by CRLF in database/migrations/2019_01_18_135121_create_comments_table.php.
The file will have its original line endings in your working directory.
warning: LF will be replaced by CRLF in database/migrations/2019_01_18_135147_update_comments_table.php.
The file will have its original line endings in your working directory.
warning: LF will be replaced by CRLF in database/migrations/2019_01_18_135305_create_post_authors.php.
The file will have its original line endings in your working directory.
warning: LF will be replaced by CRLF in database/migrations/2019_01_18_135359_update_post_authors.php.
The file will have its original line endings in your working directory.
warning: LF will be replaced by CRLF in resources/views/layouts/menu.blade.php.
The file will have its original line endings in your working directory.
warning: LF will be replaced by CRLF in routes/web.php.
The file will have its original line endings in your working directory.
warning: LF will be replaced by CRLF in vendor/autoload.php.
The file will have its original line endings in your working directory.
warning: LF will be replaced by CRLF in vendor/composer/ClassLoader.php.
The file will have its original line endings in your working directory.
warning: LF will be replaced by CRLF in vendor/composer/LICENSE.
The file will have its original line endings in your working directory.
warning: LF will be replaced by CRLF in vendor/composer/autoload_classmap.php.
The file will have its original line endings in your working directory.
warning: LF will be replaced by CRLF in vendor/composer/autoload_files.php.
The file will have its original line endings in your working directory.
warning: LF will be replaced by CRLF in vendor/composer/autoload_namespaces.php.
The file will have its original line endings in your working directory.
warning: LF will be replaced by CRLF in vendor/composer/autoload_psr4.php.
The file will have its original line endings in your working directory.
warning: LF will be replaced by CRLF in vendor/composer/autoload_real.php.
The file will have its original line endings in your working directory.
warning: LF will be replaced by CRLF in vendor/composer/autoload_static.php.
The file will have its original line endings in your working directory.
warning: LF will be replaced by CRLF in app/Http/Controllers/CommentController.php.
The file will have its original line endings in your working directory.
warning: LF will be replaced by CRLF in app/Http/Controllers/PostAuthorController.php.
The file will have its original line endings in your working directory.
warning: LF will be replaced by CRLF in app/Http/Controllers/PostController.php.
The file will have its original line endings in your working directory.
warning: LF will be replaced by CRLF in app/Http/Controllers/RoleController.php.
The file will have its original line endings in your working directory.
warning: LF will be replaced by CRLF in app/Http/Controllers/UserController.php.
The file will have its original line endings in your working directory.
warning: LF will be replaced by CRLF in app/Http/Requests/CreateCommentRequest.php.
The file will have its original line endings in your working directory.
warning: LF will be replaced by CRLF in app/Http/Requests/CreatePostAuthorRequest.php.
The file will have its original line endings in your working directory.
warning: LF will be replaced by CRLF in app/Http/Requests/CreatePostRequest.php.
The file will have its original line endings in your working directory.
warning: LF will be replaced by CRLF in app/Http/Requests/CreateRoleRequest.php.
The file will have its original line endings in your working directory.
warning: LF will be replaced by CRLF in app/Http/Requests/CreateUserRequest.php.
The file will have its original line endings in your working directory.
warning: LF will be replaced by CRLF in app/Http/Requests/UpdateCommentRequest.php.
The file will have its original line endings in your working directory.
warning: LF will be replaced by CRLF in app/Http/Requests/UpdatePostAuthorRequest.php.
The file will have its original line endings in your working directory.
warning: LF will be replaced by CRLF in app/Http/Requests/UpdatePostRequest.php.
The file will have its original line endings in your working directory.
warning: LF will be replaced by CRLF in app/Http/Requests/UpdateRoleRequest.php.
The file will have its original line endings in your working directory.
warning: LF will be replaced by CRLF in app/Http/Requests/UpdateUserRequest.php.
The file will have its original line endings in your working directory.
warning: LF will be replaced by CRLF in app/Models/Comment.php.
The file will have its original line endings in your working directory.
warning: LF will be replaced by CRLF in app/Models/Post.php.
The file will have its original line endings in your working directory.
warning: LF will be replaced by CRLF in app/Models/PostAuthor.php.
The file will have its original line endings in your working directory.
warning: LF will be replaced by CRLF in app/Models/Role.php.
The file will have its original line endings in your working directory.
warning: LF will be replaced by CRLF in app/Models/User.php.
The file will have its original line endings in your working directory.
warning: LF will be replaced by CRLF in app/Repositories/CommentRepository.php.
The file will have its original line endings in your working directory.
warning: LF will be replaced by CRLF in app/Repositories/PostAuthorRepository.php.
The file will have its original line endings in your working directory.
warning: LF will be replaced by CRLF in app/Repositories/PostRepository.php.
The file will have its original line endings in your working directory.
warning: LF will be replaced by CRLF in app/Repositories/RoleRepository.php.
The file will have its original line endings in your working directory.
warning: LF will be replaced by CRLF in app/Repositories/UserRepository.php.
The file will have its original line endings in your working directory.
warning: LF will be replaced by CRLF in resources/views/comments/create.blade.php.
The file will have its original line endings in your working directory.
warning: LF will be replaced by CRLF in resources/views/comments/edit.blade.php.
The file will have its original line endings in your working directory.
warning: LF will be replaced by CRLF in resources/views/comments/fields.blade.php.
The file will have its original line endings in your working directory.
warning: LF will be replaced by CRLF in resources/views/comments/index.blade.php.
The file will have its original line endings in your working directory.
warning: LF will be replaced by CRLF in resources/views/comments/show.blade.php.
The file will have its original line endings in your working directory.
warning: LF will be replaced by CRLF in resources/views/comments/show_fields.blade.php.
The file will have its original line endings in your working directory.
warning: LF will be replaced by CRLF in resources/views/comments/table.blade.php.
The file will have its original line endings in your working directory.
warning: LF will be replaced by CRLF in resources/views/post_authors/create.blade.php.
The file will have its original line endings in your working directory.
warning: LF will be replaced by CRLF in resources/views/post_authors/edit.blade.php.
The file will have its original line endings in your working directory.
warning: LF will be replaced by CRLF in resources/views/post_authors/fields.blade.php.
The file will have its original line endings in your working directory.
warning: LF will be replaced by CRLF in resources/views/post_authors/index.blade.php.
The file will have its original line endings in your working directory.
warning: LF will be replaced by CRLF in resources/views/post_authors/show.blade.php.
The file will have its original line endings in your working directory.
warning: LF will be replaced by CRLF in resources/views/post_authors/show_fields.blade.php.
The file will have its original line endings in your working directory.
warning: LF will be replaced by CRLF in resources/views/post_authors/table.blade.php.
The file will have its original line endings in your working directory.
warning: LF will be replaced by CRLF in resources/views/posts/create.blade.php.
The file will have its original line endings in your working directory.
warning: LF will be replaced by CRLF in resources/views/posts/edit.blade.php.
The file will have its original line endings in your working directory.
warning: LF will be replaced by CRLF in resources/views/posts/fields.blade.php.
The file will have its original line endings in your working directory.
warning: LF will be replaced by CRLF in resources/views/posts/index.blade.php.
The file will have its original line endings in your working directory.
warning: LF will be replaced by CRLF in resources/views/posts/show.blade.php.
The file will have its original line endings in your working directory.
warning: LF will be replaced by CRLF in resources/views/posts/show_fields.blade.php.
The file will have its original line endings in your working directory.
warning: LF will be replaced by CRLF in resources/views/posts/table.blade.php.
The file will have its original line endings in your working directory.
warning: LF will be replaced by CRLF in resources/views/roles/create.blade.php.
The file will have its original line endings in your working directory.
warning: LF will be replaced by CRLF in resources/views/roles/edit.blade.php.
The file will have its original line endings in your working directory.
warning: LF will be replaced by CRLF in resources/views/roles/fields.blade.php.
The file will have its original line endings in your working directory.
warning: LF will be replaced by CRLF in resources/views/roles/index.blade.php.
The file will have its original line endings in your working directory.
warning: LF will be replaced by CRLF in resources/views/roles/show.blade.php.
The file will have its original line endings in your working directory.
warning: LF will be replaced by CRLF in resources/views/roles/show_fields.blade.php.
The file will have its original line endings in your working directory.
warning: LF will be replaced by CRLF in resources/views/roles/table.blade.php.
The file will have its original line endings in your working directory.
warning: LF will be replaced by CRLF in resources/views/users/create.blade.php.
The file will have its original line endings in your working directory.
warning: LF will be replaced by CRLF in resources/views/users/edit.blade.php.
The file will have its original line endings in your working directory.
warning: LF will be replaced by CRLF in resources/views/users/fields.blade.php.
The file will have its original line endings in your working directory.
warning: LF will be replaced by CRLF in resources/views/users/index.blade.php.
The file will have its original line endings in your working directory.
warning: LF will be replaced by CRLF in resources/views/users/show.blade.php.
The file will have its original line endings in your working directory.
warning: LF will be replaced by CRLF in resources/views/users/show_fields.blade.php.
The file will have its original line endings in your working directory.
warning: LF will be replaced by CRLF in resources/views/users/table.blade.php.
The file will have its original line endings in your working directory.

D:\xampp7\htdocs\larafyom1>git commit -m "execute migrate and infyom scaffold by tables"
[master f2babd9] execute migrate and infyom scaffold by tables
 75 files changed, 2770 insertions(+), 24 deletions(-)
 create mode 100644 app/Http/Controllers/CommentController.php
 create mode 100644 app/Http/Controllers/PostAuthorController.php
 create mode 100644 app/Http/Controllers/PostController.php
 create mode 100644 app/Http/Controllers/RoleController.php
 create mode 100644 app/Http/Controllers/UserController.php
 create mode 100644 app/Http/Requests/CreateCommentRequest.php
 create mode 100644 app/Http/Requests/CreatePostAuthorRequest.php
 create mode 100644 app/Http/Requests/CreatePostRequest.php
 create mode 100644 app/Http/Requests/CreateRoleRequest.php
 create mode 100644 app/Http/Requests/CreateUserRequest.php
 create mode 100644 app/Http/Requests/UpdateCommentRequest.php
 create mode 100644 app/Http/Requests/UpdatePostAuthorRequest.php
 create mode 100644 app/Http/Requests/UpdatePostRequest.php
 create mode 100644 app/Http/Requests/UpdateRoleRequest.php
 create mode 100644 app/Http/Requests/UpdateUserRequest.php
 create mode 100644 app/Models/Comment.php
 create mode 100644 app/Models/Post.php
 create mode 100644 app/Models/PostAuthor.php
 create mode 100644 app/Models/Role.php
 create mode 100644 app/Models/User.php
 create mode 100644 app/Repositories/CommentRepository.php
 create mode 100644 app/Repositories/PostAuthorRepository.php
 create mode 100644 app/Repositories/PostRepository.php
 create mode 100644 app/Repositories/RoleRepository.php
 create mode 100644 app/Repositories/UserRepository.php
 create mode 100644 log/5.txt
 create mode 100644 resources/views/comments/create.blade.php
 create mode 100644 resources/views/comments/edit.blade.php
 create mode 100644 resources/views/comments/fields.blade.php
 create mode 100644 resources/views/comments/index.blade.php
 create mode 100644 resources/views/comments/show.blade.php
 create mode 100644 resources/views/comments/show_fields.blade.php
 create mode 100644 resources/views/comments/table.blade.php
 create mode 100644 resources/views/post_authors/create.blade.php
 create mode 100644 resources/views/post_authors/edit.blade.php
 create mode 100644 resources/views/post_authors/fields.blade.php
 create mode 100644 resources/views/post_authors/index.blade.php
 create mode 100644 resources/views/post_authors/show.blade.php
 create mode 100644 resources/views/post_authors/show_fields.blade.php
 create mode 100644 resources/views/post_authors/table.blade.php
 create mode 100644 resources/views/posts/create.blade.php
 create mode 100644 resources/views/posts/edit.blade.php
 create mode 100644 resources/views/posts/fields.blade.php
 create mode 100644 resources/views/posts/index.blade.php
 create mode 100644 resources/views/posts/show.blade.php
 create mode 100644 resources/views/posts/show_fields.blade.php
 create mode 100644 resources/views/posts/table.blade.php
 create mode 100644 resources/views/roles/create.blade.php
 create mode 100644 resources/views/roles/edit.blade.php
 create mode 100644 resources/views/roles/fields.blade.php
 create mode 100644 resources/views/roles/index.blade.php
 create mode 100644 resources/views/roles/show.blade.php
 create mode 100644 resources/views/roles/show_fields.blade.php
 create mode 100644 resources/views/roles/table.blade.php
 create mode 100644 resources/views/users/create.blade.php
 create mode 100644 resources/views/users/edit.blade.php
 create mode 100644 resources/views/users/fields.blade.php
 create mode 100644 resources/views/users/index.blade.php
 create mode 100644 resources/views/users/show.blade.php
 create mode 100644 resources/views/users/show_fields.blade.php
 create mode 100644 resources/views/users/table.blade.php

D:\xampp7\htdocs\larafyom1>git push -u origin master
Enumerating objects: 123, done.
Counting objects: 100% (123/123), done.
Delta compression using up to 4 threads.
Compressing objects: 100% (98/98), done.
Writing objects: 100% (98/98), 16.26 KiB | 396.00 KiB/s, done.
Total 98 (delta 71), reused 0 (delta 0)
remote: Resolving deltas: 100% (71/71), completed with 19 local objects.
To https://github.com/satnam826/larainfyom.git
   2309b9d..f2babd9  master -> master
Branch 'master' set up to track remote branch 'master' from 'origin'.

D:\xampp7\htdocs\larafyom1>php artisan infyom:scaffold Blog --fromTable --tableName=blogs

Model created:
Blog.php

Repository created:
BlogRepository.php

Create Request created:
CreateBlogRequest.php

Update Request created:
UpdateBlogRequest.php

Controller created:
BlogController.php

Generating Views...
table.blade.php created
index.blade.php created
field.blade.php created
create.blade.php created
edit.blade.php created
show_fields.blade.php created
show.blade.php created
Views created:

blogs routes added.

blogs menu added.
Generating autoload files

D:\xampp7\htdocs\larafyom1>ping minkville.mumbai.localdomain

Pinging minkville.mumbai.localdomain [192.168.0.37] with 32 bytes of data:
Reply from 192.168.0.37: bytes=32 time<1ms TTL=64
Reply from 192.168.0.37: bytes=32 time<1ms TTL=64
Reply from 192.168.0.37: bytes=32 time=1ms TTL=64
Reply from 192.168.0.37: bytes=32 time=1ms TTL=64

Ping statistics for 192.168.0.37:
    Packets: Sent = 4, Received = 4, Lost = 0 (0% loss),
Approximate round trip times in milli-seconds:
    Minimum = 0ms, Maximum = 1ms, Average = 0ms

D:\xampp7\htdocs\larafyom1>composer update
Loading composer repositories with package information
Updating dependencies (including require-dev)
Package operations: 1 install, 0 updates, 0 removals
  - Installing infyomlabs/generator-builder (dev-master acd07ef): Downloading (100%)
Writing lock file
Generating optimized autoload files
> Illuminate\Foundation\ComposerScripts::postAutoloadDump
> @php artisan package:discover --ansi
Discovered Package: appointer/swaggervel
Discovered Package: beyondcode/laravel-dump-server
Discovered Package: fideloper/proxy
Discovered Package: infyomlabs/adminlte-templates
Discovered Package: infyomlabs/laravel-generator
Discovered Package: laracasts/flash
Discovered Package: laravel/nexmo-notification-channel
Discovered Package: laravel/slack-notification-channel
Discovered Package: laravel/tinker
Discovered Package: laravelcollective/html
Discovered Package: nesbot/carbon
Discovered Package: nunomaduro/collision
Discovered Package: prettus/l5-repository
Package manifest generated successfully.

D:\xampp7\htdocs\larafyom1>php artisan vendor:publish

 Which provider or tag's files would you like to publish?:
  [0 ] Publish files from all providers and tags listed below
  [1 ] Provider: Appointer\Swaggervel\SwaggervelServiceProvider
  [2 ] Provider: BeyondCode\DumpServer\DumpServerServiceProvider
  [3 ] Provider: Fideloper\Proxy\TrustedProxyServiceProvider
  [4 ] Provider: Illuminate\Foundation\Providers\FoundationServiceProvider
  [5 ] Provider: Illuminate\Mail\MailServiceProvider
  [6 ] Provider: Illuminate\Notifications\NotificationServiceProvider
  [7 ] Provider: Illuminate\Pagination\PaginationServiceProvider
  [8 ] Provider: InfyOm\GeneratorBuilder\GeneratorBuilderServiceProvider
  [9 ] Provider: InfyOm\Generator\InfyOmGeneratorServiceProvider
  [10] Provider: Laracasts\Flash\FlashServiceProvider
  [11] Provider: Laravel\Tinker\TinkerServiceProvider
  [12] Provider: Prettus\Repository\Providers\RepositoryServiceProvider
  [13] Tag: config
  [14] Tag: laravel-errors
  [15] Tag: laravel-mail
  [16] Tag: laravel-notifications
  [17] Tag: laravel-pagination
  [18] Tag: public
  [19] Tag: views
 > 0

Copied Directory [\vendor\laravel\framework\src\Illuminate\Foundation\Exceptions\views] To [\resources\views\errors]
Copied Directory [\vendor\laravel\framework\src\Illuminate\Notifications\resources\views] To [\resources\views\vendor\notifications]
Copied Directory [\vendor\laravel\framework\src\Illuminate\Pagination\resources\views] To [\resources\views\vendor\pagination]
Copied Directory [\vendor\swagger-api\swagger-ui\dist] To [\public\vendor\swaggervel]
Copied Directory [\vendor\appointer\swaggervel\src\views] To [\resources\views\vendor\swaggervel]
Copied Directory [\vendor\laracasts\flash\src\views] To [\resources\views\vendor\flash]
Copied File [\vendor\infyomlabs\generator-builder\config\generator_builder.php] To [\config\infyom\generator_builder.php]
Copied Directory [\vendor\laravel\framework\src\Illuminate\Mail\resources\views] To [\resources\views\vendor\mail]
Publishing complete.

D:\xampp7\htdocs\larafyom1>php artisan infyom.publish:generator-builder

Builder routes added to routes.php

D:\xampp7\htdocs\larafyom1>git add .
warning: LF will be replaced by CRLF in composer.json.
The file will have its original line endings in your working directory.
warning: LF will be replaced by CRLF in composer.lock.
The file will have its original line endings in your working directory.
warning: LF will be replaced by CRLF in config/app.php.
The file will have its original line endings in your working directory.
warning: LF will be replaced by CRLF in database/migrations/2019_01_18_135305_create_post_authors.php.
The file will have its original line endings in your working directory.
warning: LF will be replaced by CRLF in resources/views/layouts/menu.blade.php.
The file will have its original line endings in your working directory.
warning: LF will be replaced by CRLF in routes/web.php.
The file will have its original line endings in your working directory.
warning: LF will be replaced by CRLF in vendor/autoload.php.
The file will have its original line endings in your working directory.
warning: LF will be replaced by CRLF in vendor/composer/ClassLoader.php.
The file will have its original line endings in your working directory.
warning: LF will be replaced by CRLF in vendor/composer/LICENSE.
The file will have its original line endings in your working directory.
warning: LF will be replaced by CRLF in vendor/composer/autoload_classmap.php.
The file will have its original line endings in your working directory.
warning: LF will be replaced by CRLF in vendor/composer/autoload_files.php.
The file will have its original line endings in your working directory.
warning: LF will be replaced by CRLF in vendor/composer/autoload_namespaces.php.
The file will have its original line endings in your working directory.
warning: LF will be replaced by CRLF in vendor/composer/autoload_psr4.php.
The file will have its original line endings in your working directory.
warning: LF will be replaced by CRLF in vendor/composer/autoload_real.php.
The file will have its original line endings in your working directory.
warning: LF will be replaced by CRLF in vendor/composer/autoload_static.php.
The file will have its original line endings in your working directory.
warning: LF will be replaced by CRLF in vendor/composer/installed.json.
The file will have its original line endings in your working directory.
warning: LF will be replaced by CRLF in .htaccess.
The file will have its original line endings in your working directory.
warning: LF will be replaced by CRLF in app/Http/Controllers/BlogController.php.
The file will have its original line endings in your working directory.
warning: LF will be replaced by CRLF in app/Http/Requests/CreateBlogRequest.php.
The file will have its original line endings in your working directory.
warning: LF will be replaced by CRLF in app/Http/Requests/UpdateBlogRequest.php.
The file will have its original line endings in your working directory.
warning: LF will be replaced by CRLF in app/Models/Blog.php.
The file will have its original line endings in your working directory.
warning: LF will be replaced by CRLF in app/Repositories/BlogRepository.php.
The file will have its original line endings in your working directory.
warning: LF will be replaced by CRLF in config/infyom/generator_builder.php.
The file will have its original line endings in your working directory.
warning: LF will be replaced by CRLF in index.php.
The file will have its original line endings in your working directory.
warning: LF will be replaced by CRLF in resources/views/blogs/create.blade.php.
The file will have its original line endings in your working directory.
warning: LF will be replaced by CRLF in resources/views/blogs/edit.blade.php.
The file will have its original line endings in your working directory.
warning: LF will be replaced by CRLF in resources/views/blogs/fields.blade.php.
The file will have its original line endings in your working directory.
warning: LF will be replaced by CRLF in resources/views/blogs/index.blade.php.
The file will have its original line endings in your working directory.
warning: LF will be replaced by CRLF in resources/views/blogs/show.blade.php.
The file will have its original line endings in your working directory.
warning: LF will be replaced by CRLF in resources/views/blogs/show_fields.blade.php.
The file will have its original line endings in your working directory.
warning: LF will be replaced by CRLF in resources/views/blogs/table.blade.php.
The file will have its original line endings in your working directory.
warning: LF will be replaced by CRLF in vendor/infyomlabs/generator-builder/.gitignore.
The file will have its original line endings in your working directory.
warning: LF will be replaced by CRLF in vendor/infyomlabs/generator-builder/LICENSE.
The file will have its original line endings in your working directory.
warning: LF will be replaced by CRLF in vendor/infyomlabs/generator-builder/README.md.
The file will have its original line endings in your working directory.
warning: LF will be replaced by CRLF in vendor/infyomlabs/generator-builder/composer.json.
The file will have its original line endings in your working directory.
warning: LF will be replaced by CRLF in vendor/infyomlabs/generator-builder/config/generator_builder.php.
The file will have its original line endings in your working directory.
warning: LF will be replaced by CRLF in vendor/infyomlabs/generator-builder/src/Commands/GeneratorBuilderRoutesPublisherCommand.php.
The file will have its original line endings in your working directory.
warning: LF will be replaced by CRLF in vendor/infyomlabs/generator-builder/src/Controllers/GeneratorBuilderController.php.
The file will have its original line endings in your working directory.
warning: LF will be replaced by CRLF in vendor/infyomlabs/generator-builder/src/GeneratorBuilderServiceProvider.php.
The file will have its original line endings in your working directory.
warning: LF will be replaced by CRLF in vendor/infyomlabs/generator-builder/src/Requests/BuilderGenerateRequest.php.
The file will have its original line endings in your working directory.
warning: LF will be replaced by CRLF in vendor/infyomlabs/generator-builder/templates/routes.stub.
The file will have its original line endings in your working directory.
warning: LF will be replaced by CRLF in vendor/infyomlabs/generator-builder/views/field-template.blade.php.
The file will have its original line endings in your working directory.

D:\xampp7\htdocs\larafyom1>git commit -m "adding generator UI interface"
[master b98c138] adding generator UI interface
 37 files changed, 1529 insertions(+), 4 deletions(-)
 create mode 100644 .htaccess
 create mode 100644 app/Http/Controllers/BlogController.php
 create mode 100644 app/Http/Requests/CreateBlogRequest.php
 create mode 100644 app/Http/Requests/UpdateBlogRequest.php
 create mode 100644 app/Models/Blog.php
 create mode 100644 app/Repositories/BlogRepository.php
 create mode 100644 config/infyom/generator_builder.php
 rename server.php => index.php (100%)
 create mode 100644 log/6.txt
 create mode 100644 resources/views/blogs/create.blade.php
 create mode 100644 resources/views/blogs/edit.blade.php
 create mode 100644 resources/views/blogs/fields.blade.php
 create mode 100644 resources/views/blogs/index.blade.php
 create mode 100644 resources/views/blogs/show.blade.php
 create mode 100644 resources/views/blogs/show_fields.blade.php
 create mode 100644 resources/views/blogs/table.blade.php
 create mode 100644 vendor/infyomlabs/generator-builder/.gitignore
 create mode 100644 vendor/infyomlabs/generator-builder/LICENSE
 create mode 100644 vendor/infyomlabs/generator-builder/README.md
 create mode 100644 vendor/infyomlabs/generator-builder/composer.json
 create mode 100644 vendor/infyomlabs/generator-builder/config/generator_builder.php
 create mode 100644 vendor/infyomlabs/generator-builder/src/Commands/GeneratorBuilderRoutesPublisherCommand.php
 create mode 100644 vendor/infyomlabs/generator-builder/src/Controllers/GeneratorBuilderController.php
 create mode 100644 vendor/infyomlabs/generator-builder/src/GeneratorBuilderServiceProvider.php
 create mode 100644 vendor/infyomlabs/generator-builder/src/Requests/BuilderGenerateRequest.php
 create mode 100644 vendor/infyomlabs/generator-builder/templates/routes.stub
 create mode 100644 vendor/infyomlabs/generator-builder/views/builder.blade.php
 create mode 100644 vendor/infyomlabs/generator-builder/views/field-template.blade.php

D:\xampp7\htdocs\larafyom1>git push -u origin master
Enumerating objects: 86, done.
Counting objects: 100% (86/86), done.
Delta compression using up to 4 threads.
Compressing objects: 100% (58/58), done.
Writing objects: 100% (60/60), 16.75 KiB | 535.00 KiB/s, done.
Total 60 (delta 25), reused 0 (delta 0)
remote: Resolving deltas: 100% (25/25), completed with 23 local objects.
To https://github.com/satnam826/larainfyom.git
   f2babd9..b98c138  master -> master
Branch 'master' set up to track remote branch 'master' from 'origin'.

D:\xampp7\htdocs\larafyom1>git status
On branch master
Your branch is up to date with 'origin/master'.

nothing to commit, working tree clean

D:\xampp7\htdocs\larafyom1>